This file contains any messages produced by compilers while
running configure, to aid debugging if configure makes a mistake.

It was created by configure, which was
generated by GNU Autoconf 2.61.  Invocation command line was

  $ ./configure --disable-readline --disable-ssl --disable-mysql

## --------- ##
## Platform. ##
## --------- ##

hostname = earth
uname -m = x86_64
uname -r = 7.0.11-200.fc44.x86_64
uname -s = Linux
uname -v = #1 SMP PREEMPT_DYNAMIC Mon Jun  1 22:50:37 UTC 2026

/usr/bin/uname -p = unknown
/bin/uname -X     = unknown

/bin/arch              = x86_64
/usr/bin/arch -k       = unknown
/usr/convex/getsysinfo = unknown
/usr/bin/hostinfo      = unknown
/bin/machine           = unknown
/usr/bin/oslevel       = unknown
/bin/universe          = unknown

PATH: /home/paul/.pi/agent/bin
PATH: /home/paul/.krew/bin
PATH: /home/linuxbrew/.linuxbrew/bin
PATH: /home/linuxbrew/.linuxbrew/sbin
PATH: /home/paul/bin
PATH: /home/paul/scripts
PATH: /home/paul/go/bin
PATH: /home/paul/.cargo/bin
PATH: /home/paul/.local/bin
PATH: /home/paul/.krew/bin
PATH: /home/paul/.krew/bin
PATH: /usr/local/sbin
PATH: /usr/local/bin
PATH: /usr/sbin
PATH: /usr/bin
PATH: /var/lib/snapd/snap/bin


## ----------- ##
## Core tests. ##
## ----------- ##

configure:1749: checking for g++
configure:1765: found /usr/bin/g++
configure:1776: result: g++
configure:1807: checking for C++ compiler version
configure:1814: g++ --version >&5
g++ (GCC) 16.1.1 20260515 (Red Hat 16.1.1-2)
Copyright (C) 2026 Free Software Foundation, Inc.
This is free software; see the source for copying conditions.  There is NO
warranty; not even for MERCHANTABILITY or FITNESS FOR A PARTICULAR PURPOSE.

configure:1817: $? = 0
configure:1824: g++ -v >&5
Using built-in specs.
COLLECT_GCC=g++
COLLECT_LTO_WRAPPER=/usr/libexec/gcc/x86_64-redhat-linux/16/lto-wrapper
OFFLOAD_TARGET_NAMES=nvptx-none:amdgcn-amdhsa
OFFLOAD_TARGET_DEFAULT=1
Target: x86_64-redhat-linux
Configured with: ../configure --enable-bootstrap --enable-languages=c,c++,fortran,objc,obj-c++,ada,go,d,m2,cobol,algol68,lto --prefix=/usr --mandir=/usr/share/man --infodir=/usr/share/info --with-bugurl=https://bugzilla.redhat.com/ --enable-shared --enable-threads=posix --enable-checking=release --enable-multilib --with-system-zlib --enable-__cxa_atexit --disable-libunwind-exceptions --enable-gnu-unique-object --enable-linker-build-id --with-gcc-major-version-only --enable-libstdcxx-backtrace --with-libstdcxx-zoneinfo=/usr/share/zoneinfo --with-linker-hash-style=gnu --enable-plugin --enable-initfini-array --with-isl=/builddir/build/BUILD/gcc-16.1.1-build/gcc-16.1.1-20260515/obj-x86_64-redhat-linux/isl-install --enable-offload-targets=nvptx-none,amdgcn-amdhsa --enable-offload-defaulted --without-cuda-driver --enable-gnu-indirect-function --enable-cet --with-tune=generic --with-tls=gnu2 --with-arch_32=i686 --build=x86_64-redhat-linux --with-build-config=bootstrap-lto --enable-link-serialization=1 --disable-libssp
Thread model: posix
Supported LTO compression algorithms: zlib zstd
gcc version 16.1.1 20260515 (Red Hat 16.1.1-2) (GCC) 
configure:1827: $? = 0
configure:1834: g++ -V >&5
g++: error: unrecognized command-line option '-V'
g++: fatal error: no input files
compilation terminated.
configure:1837: $? = 1
configure:1860: checking for C++ compiler default output file name
configure:1887: g++    conftest.cpp  >&5
configure:1890: $? = 0
configure:1928: result: a.out
configure:1945: checking whether the C++ compiler works
configure:1955: ./a.out
configure:1958: $? = 0
configure:1975: result: yes
configure:1982: checking whether we are cross compiling
configure:1984: result: no
configure:1987: checking for suffix of executables
configure:1994: g++ -o conftest    conftest.cpp  >&5
configure:1997: $? = 0
configure:2021: result: 
configure:2027: checking for suffix of object files
configure:2053: g++ -c   conftest.cpp >&5
configure:2056: $? = 0
configure:2079: result: o
configure:2083: checking whether we are using the GNU C++ compiler
configure:2112: g++ -c   conftest.cpp >&5
configure:2118: $? = 0
configure:2135: result: yes
configure:2140: checking whether g++ accepts -g
configure:2170: g++ -c -g  conftest.cpp >&5
configure:2176: $? = 0
configure:2275: result: yes
configure:2380: checking for gcc
configure:2396: found /usr/bin/gcc
configure:2407: result: gcc
configure:2645: checking for C compiler version
configure:2652: gcc --version >&5
gcc (GCC) 16.1.1 20260515 (Red Hat 16.1.1-2)
Copyright (C) 2026 Free Software Foundation, Inc.
This is free software; see the source for copying conditions.  There is NO
warranty; not even for MERCHANTABILITY or FITNESS FOR A PARTICULAR PURPOSE.

configure:2655: $? = 0
configure:2662: gcc -v >&5
Using built-in specs.
COLLECT_GCC=gcc
COLLECT_LTO_WRAPPER=/usr/libexec/gcc/x86_64-redhat-linux/16/lto-wrapper
OFFLOAD_TARGET_NAMES=nvptx-none:amdgcn-amdhsa
OFFLOAD_TARGET_DEFAULT=1
Target: x86_64-redhat-linux
Configured with: ../configure --enable-bootstrap --enable-languages=c,c++,fortran,objc,obj-c++,ada,go,d,m2,cobol,algol68,lto --prefix=/usr --mandir=/usr/share/man --infodir=/usr/share/info --with-bugurl=https://bugzilla.redhat.com/ --enable-shared --enable-threads=posix --enable-checking=release --enable-multilib --with-system-zlib --enable-__cxa_atexit --disable-libunwind-exceptions --enable-gnu-unique-object --enable-linker-build-id --with-gcc-major-version-only --enable-libstdcxx-backtrace --with-libstdcxx-zoneinfo=/usr/share/zoneinfo --with-linker-hash-style=gnu --enable-plugin --enable-initfini-array --with-isl=/builddir/build/BUILD/gcc-16.1.1-build/gcc-16.1.1-20260515/obj-x86_64-redhat-linux/isl-install --enable-offload-targets=nvptx-none,amdgcn-amdhsa --enable-offload-defaulted --without-cuda-driver --enable-gnu-indirect-function --enable-cet --with-tune=generic --with-tls=gnu2 --with-arch_32=i686 --build=x86_64-redhat-linux --with-build-config=bootstrap-lto --enable-link-serialization=1 --disable-libssp
Thread model: posix
Supported LTO compression algorithms: zlib zstd
gcc version 16.1.1 20260515 (Red Hat 16.1.1-2) (GCC) 
configure:2665: $? = 0
configure:2672: gcc -V >&5
gcc: error: unrecognized command-line option '-V'
gcc: fatal error: no input files
compilation terminated.
configure:2675: $? = 1
configure:2678: checking whether we are using the GNU C compiler
configure:2707: gcc -c   conftest.c >&5
configure:2713: $? = 0
configure:2730: result: yes
configure:2735: checking whether gcc accepts -g
configure:2765: gcc -c -g  conftest.c >&5
configure:2771: $? = 0
configure:2870: result: yes
configure:2887: checking for gcc option to accept ISO C89
configure:2961: gcc  -c -g -O2  conftest.c >&5
conftest.c: In function 'e':
conftest.c:15:14: warning: old-style function definition [-Wold-style-definition]
   15 | static char *e (p, i)
      |              ^
configure:2967: $? = 0
configure:2990: result: none needed
configure:3014: checking how to run the C preprocessor
configure:3054: gcc -E  conftest.c
configure:3060: $? = 0
configure:3091: gcc -E  conftest.c
conftest.c:8:10: fatal error: ac_nonexistent.h: No such file or directory
    8 | #include <ac_nonexistent.h>
      |          ^~~~~~~~~~~~~~~~~~
compilation terminated.
configure:3097: $? = 1
configure: failed program was:
| /* confdefs.h.  */
| #define PACKAGE_NAME ""
| #define PACKAGE_TARNAME ""
| #define PACKAGE_VERSION ""
| #define PACKAGE_STRING ""
| #define PACKAGE_BUGREPORT ""
| /* end confdefs.h.  */
| #include <ac_nonexistent.h>
configure:3130: result: gcc -E
configure:3159: gcc -E  conftest.c
configure:3165: $? = 0
configure:3196: gcc -E  conftest.c
conftest.c:8:10: fatal error: ac_nonexistent.h: No such file or directory
    8 | #include <ac_nonexistent.h>
      |          ^~~~~~~~~~~~~~~~~~
compilation terminated.
configure:3202: $? = 1
configure: failed program was:
| /* confdefs.h.  */
| #define PACKAGE_NAME ""
| #define PACKAGE_TARNAME ""
| #define PACKAGE_VERSION ""
| #define PACKAGE_STRING ""
| #define PACKAGE_BUGREPORT ""
| /* end confdefs.h.  */
| #include <ac_nonexistent.h>
configure:3240: checking for grep that handles long lines and -e
configure:3314: result: /usr/bin/grep
configure:3319: checking for egrep
configure:3397: result: /usr/bin/grep -E
configure:3402: checking for ANSI C header files
configure:3432: gcc -c -g -O2  conftest.c >&5
configure:3438: $? = 0
configure:3537: gcc -o conftest -g -O2   conftest.c  >&5
configure:3540: $? = 0
configure:3546: ./conftest
configure:3549: $? = 0
configure:3566: result: yes
configure:3590: checking for sys/types.h
configure:3611: gcc -c -g -O2  conftest.c >&5
configure:3617: $? = 0
configure:3633: result: yes
configure:3590: checking for sys/stat.h
configure:3611: gcc -c -g -O2  conftest.c >&5
configure:3617: $? = 0
configure:3633: result: yes
configure:3590: checking for stdlib.h
configure:3611: gcc -c -g -O2  conftest.c >&5
configure:3617: $? = 0
configure:3633: result: yes
configure:3590: checking for string.h
configure:3611: gcc -c -g -O2  conftest.c >&5
configure:3617: $? = 0
configure:3633: result: yes
configure:3590: checking for memory.h
configure:3611: gcc -c -g -O2  conftest.c >&5
configure:3617: $? = 0
configure:3633: result: yes
configure:3590: checking for strings.h
configure:3611: gcc -c -g -O2  conftest.c >&5
configure:3617: $? = 0
configure:3633: result: yes
configure:3590: checking for inttypes.h
configure:3611: gcc -c -g -O2  conftest.c >&5
configure:3617: $? = 0
configure:3633: result: yes
configure:3590: checking for stdint.h
configure:3611: gcc -c -g -O2  conftest.c >&5
configure:3617: $? = 0
configure:3633: result: yes
configure:3590: checking for unistd.h
configure:3611: gcc -c -g -O2  conftest.c >&5
configure:3617: $? = 0
configure:3633: result: yes
configure:3664: checking dlfcn.h usability
configure:3681: gcc -c -g -O2  conftest.c >&5
configure:3687: $? = 0
configure:3701: result: yes
configure:3705: checking dlfcn.h presence
configure:3720: gcc -E  conftest.c
configure:3726: $? = 0
configure:3740: result: yes
configure:3768: checking for dlfcn.h
configure:3776: result: yes
configure:3664: checking netinet/in.h usability
configure:3681: gcc -c -g -O2  conftest.c >&5
configure:3687: $? = 0
configure:3701: result: yes
configure:3705: checking netinet/in.h presence
configure:3720: gcc -E  conftest.c
configure:3726: $? = 0
configure:3740: result: yes
configure:3768: checking for netinet/in.h
configure:3776: result: yes
configure:3664: checking time.h usability
configure:3681: gcc -c -g -O2  conftest.c >&5
configure:3687: $? = 0
configure:3701: result: yes
configure:3705: checking time.h presence
configure:3720: gcc -E  conftest.c
configure:3726: $? = 0
configure:3740: result: yes
configure:3768: checking for time.h
configure:3776: result: yes
configure:3664: checking pthread.h usability
configure:3681: gcc -c -g -O2  conftest.c >&5
configure:3687: $? = 0
configure:3701: result: yes
configure:3705: checking pthread.h presence
configure:3720: gcc -E  conftest.c
configure:3726: $? = 0
configure:3740: result: yes
configure:3768: checking for pthread.h
configure:3776: result: yes
configure:3664: checking event.h usability
configure:3681: gcc -c -g -O2  conftest.c >&5
configure:3687: $? = 0
configure:3701: result: yes
configure:3705: checking event.h presence
configure:3720: gcc -E  conftest.c
configure:3726: $? = 0
configure:3740: result: yes
configure:3768: checking for event.h
configure:3776: result: yes
configure:3792: checking for pthread_create in -lpthread
configure:3827: gcc -o conftest -g -O2   conftest.c -lpthread   >&5
configure:3833: $? = 0
configure:3851: result: yes
configure:3865: checking for event_init in -levent
configure:3900: gcc -o conftest -g -O2   conftest.c -levent  -lpthread  >&5
configure:3906: $? = 0
configure:3924: result: yes
configure:4616: checking for dlopen in -ldl
configure:4651: gcc -o conftest -g -O2   conftest.c -ldl  -levent -lpthread  >&5
configure:4657: $? = 0
configure:4675: result: yes
configure:4793: creating ./config.status

## ---------------------- ##
## Running config.status. ##
## ---------------------- ##

This file was extended by config.status, which was
generated by GNU Autoconf 2.61.  Invocation command line was

  CONFIG_FILES    = 
  CONFIG_HEADERS  = 
  CONFIG_LINKS    = 
  CONFIG_COMMANDS = 
  $ ./config.status 

on earth

config.status:595: creating Makefile
config.status:595: creating config.h
configure:5889: creating ./config.status

## ---------------------- ##
## Running config.status. ##
## ---------------------- ##

This file was extended by config.status, which was
generated by GNU Autoconf 2.61.  Invocation command line was

  CONFIG_FILES    = 
  CONFIG_HEADERS  = 
  CONFIG_LINKS    = 
  CONFIG_COMMANDS = 
  $ ./config.status 

on earth

config.status:596: creating Makefile
config.status:596: creating ../Makefile
config.status:596: creating config.h
config.status:817: config.h is unchanged

## ---------------- ##
## Cache variables. ##
## ---------------- ##

ac_cv_c_compiler_gnu=yes
ac_cv_cxx_compiler_gnu=yes
ac_cv_env_CCC_set=
ac_cv_env_CCC_value=
ac_cv_env_CC_set=
ac_cv_env_CC_value=
ac_cv_env_CFLAGS_set=
ac_cv_env_CFLAGS_value=
ac_cv_env_CPPFLAGS_set=
ac_cv_env_CPPFLAGS_value=
ac_cv_env_CPP_set=
ac_cv_env_CPP_value=
ac_cv_env_CXXFLAGS_set=
ac_cv_env_CXXFLAGS_value=
ac_cv_env_CXX_set=
ac_cv_env_CXX_value=
ac_cv_env_LDFLAGS_set=
ac_cv_env_LDFLAGS_value=
ac_cv_env_LIBS_set=
ac_cv_env_LIBS_value=
ac_cv_env_build_alias_set=
ac_cv_env_build_alias_value=
ac_cv_env_host_alias_set=
ac_cv_env_host_alias_value=
ac_cv_env_target_alias_set=
ac_cv_env_target_alias_value=
ac_cv_header_dlfcn_h=yes
ac_cv_header_event_h=yes
ac_cv_header_inttypes_h=yes
ac_cv_header_memory_h=yes
ac_cv_header_netinet_in_h=yes
ac_cv_header_pthread_h=yes
ac_cv_header_stdc=yes
ac_cv_header_stdint_h=yes
ac_cv_header_stdlib_h=yes
ac_cv_header_string_h=yes
ac_cv_header_strings_h=yes
ac_cv_header_sys_stat_h=yes
ac_cv_header_sys_types_h=yes
ac_cv_header_time_h=yes
ac_cv_header_unistd_h=yes
ac_cv_lib_dl_dlopen=yes
ac_cv_lib_event_event_init=yes
ac_cv_lib_pthread_pthread_create=yes
ac_cv_objext=o
ac_cv_path_EGREP='/usr/bin/grep -E'
ac_cv_path_GREP=/usr/bin/grep
ac_cv_prog_CPP='gcc -E'
ac_cv_prog_ac_ct_CC=gcc
ac_cv_prog_ac_ct_CXX=g++
ac_cv_prog_cc_c89=
ac_cv_prog_cc_g=yes
ac_cv_prog_cxx_g=yes

## ----------------- ##
## Output variables. ##
## ----------------- ##

CC='gcc'
CFLAGS='-g -O2'
CPP='gcc -E'
CPPFLAGS=''
CXX='g++'
CXXFLAGS='-g -O2'
DEFS='-DHAVE_CONFIG_H'
ECHO_C=''
ECHO_N='-n'
ECHO_T=''
EGREP='/usr/bin/grep -E'
EXEEXT=''
GREP='/usr/bin/grep'
LDFLAGS=''
LIBOBJS=''
LIBS='-ldl -levent -lpthread '
LTLIBOBJS=''
OBJEXT='o'
PACKAGE_BUGREPORT=''
PACKAGE_NAME=''
PACKAGE_STRING=''
PACKAGE_TARNAME=''
PACKAGE_VERSION=''
PATH_SEPARATOR=':'
SHELL='/bin/sh'
ac_ct_CC='gcc'
ac_ct_CXX='g++'
bindir='${exec_prefix}/bin'
build_alias=''
datadir='${datarootdir}'
datarootdir='${prefix}/share'
docdir='${datarootdir}/doc/${PACKAGE}'
dvidir='${docdir}'
efind='find -regextype posix-extended'
exec_prefix='${prefix}'
host_alias=''
htmldir='${docdir}'
includedir='${prefix}/include'
infodir='${datarootdir}/info'
libdir='${exec_prefix}/lib'
libexecdir='${exec_prefix}/libexec'
localedir='${datarootdir}/locale'
localstatedir='${prefix}/var'
mandir='${datarootdir}/man'
oldincludedir='/usr/include'
pdfdir='${docdir}'
prefix='/usr/local'
program_transform_name='s,x,x,'
psdir='${docdir}'
sbindir='${exec_prefix}/sbin'
sharedstatedir='${prefix}/com'
sysconfdir='${prefix}/etc'
target_alias=''

## ----------- ##
## confdefs.h. ##
## ----------- ##

#define PACKAGE_NAME ""
#define PACKAGE_TARNAME ""
#define PACKAGE_VERSION ""
#define PACKAGE_STRING ""
#define PACKAGE_BUGREPORT ""
#define STDC_HEADERS 1
#define HAVE_SYS_TYPES_H 1
#define HAVE_SYS_STAT_H 1
#define HAVE_STDLIB_H 1
#define HAVE_STRING_H 1
#define HAVE_MEMORY_H 1
#define HAVE_STRINGS_H 1
#define HAVE_INTTYPES_H 1
#define HAVE_STDINT_H 1
#define HAVE_UNISTD_H 1
#define HAVE_DLFCN_H 1
#define HAVE_NETINET_IN_H 1
#define HAVE_TIME_H 1
#define HAVE_PTHREAD_H 1
#define HAVE_EVENT_H 1
#define HAVE_LIBPTHREAD 1
#define HAVE_LIBEVENT 1
#define HAVE_LIBDL 1

configure: exit 0
